Microchip MPLAB XC8 Compiler V2.45

Linker command line:

-W-3 --edf=D:\applications\xc8 complier\pic\dat\20230818022343_en.msgs -cn \
  -h+dist/default/debug\Record_203.debug.sym \
  --cmf=dist/default/debug\Record_203.debug.cmf -z -Q18F4620 \
  -oC:\Users\redaa\AppData\Local\Temp\xcBsbe4.1\driver_tmp_3.o \
  --defsym=__MPLAB_BUILD=1 --fixupoverflow=error \
  -Mdist/default/debug/Record_203.debug.map \
  --md=C:\Users\redaa\AppData\Local\Temp\xcBsbe4.1\driver_tmp_0.dat -E1 \
  -ver=XC8 Compiler --acfsm=1493 -AHEAP=09Ah-0F7Fh -pheap=HEAP \
  -ACODE=00h-0FFFFh -ACONST=00h-0FFFFh -ASMALLCONST=01000h-010FFhx240 \
  -AMEDIUMCONST=01000h-0FFFFh -ACOMRAM=01h-07Fh -AABS1=00h-0F7Fh \
  -ABIGRAM=01h-0F7Fh -ARAM=080h-0FFh,0100h-01FFhx14,0F00h-0F7Fh \
  -ABANK0=080h-0FFh -ABANK1=0100h-01FFh -ABANK2=0200h-02FFh \
  -ABANK3=0300h-03FFh -ABANK4=0400h-04FFh -ABANK5=0500h-05FFh \
  -ABANK6=0600h-06FFh -ABANK7=0700h-07FFh -ABANK8=0800h-08FFh \
  -ABANK9=0900h-09FFh -ABANK10=0A00h-0AFFh -ABANK11=0B00h-0BFFh \
  -ABANK12=0C00h-0CFFh -ABANK13=0D00h-0DFFh -ABANK14=0E00h-0EFFh \
  -ABANK15=0F00h-0F7Fh -ASFR=0F80h-0FFFh -ABIGSFR=0F80h-0FFFh \
  -ACONFIG=0300000h-030000Dh -AIDLOC=0200000h-0200007h \
  -AEEDATA=0F00000h-0F003FFh -peeprom_data=EEDATA \
  -preset_vec=00h,intcode=08h,intcodelo,powerup,init -pramtop=01000h \
  -psmallconst=SMALLCONST -pmediumconst=MEDIUMCONST -pconst=CONST \
  -AFARRAM=00h-00h \
  -prdata=COMRAM,nvrram=COMRAM,nvbit=COMRAM,rbss=COMRAM,rbit=COMRAM \
  -pfarbss=FARRAM,fardata=FARRAM,nvFARRAM=FARRAM \
  -pintsave_regs=BIGRAM,bigbss=BIGRAM,bigdata=BIGRAM -pbss=RAM \
  -pidata=CODE,irdata=CODE,ibigdata=CODE,ifardata=CODE -prparam=COMRAM \
  C:\Users\redaa\AppData\Local\Temp\xcBsbe4.1\driver_tmp_9.o \
  dist/default/debug\Record_203.debug.o 

Object code version is 3.11

Machine type is 18F4620



                Name                               Link     Load   Length Selector   Space Scale
C:\Users\redaa\AppData\Local\Temp\xcBsbe4.1\driver_tmp_9.o
                heap                                 9A       9A      EE6       9A       7
                config                           300000   300000        E        0       4
                init                                  E        E        4        4       0
                reset_vec                             0        0        4        0       0
dist/default/debug\Record_203.debug.o
                intcode                               8        8        6        4       0
                config                           300000   300000        E        0       4
                temp                                 7C       7C        1        1       1
                smallconst                         1000     1000       B8      800       0
                text29                             1B0A     1B0A        4      D5A       0
                text28                             1B06     1B06        4      D5A       0
                text27                             1B02     1B02        4      D5A       0
                text26                             1B0E     1B0E        2      D5A       0
                text25                             1AFE     1AFE        4      D5A       0
                text24                             1AFA     1AFA        4      D5A       0
                text23                             1AF6     1AF6        4      D5A       0
                text22                             1AF2     1AF2        4      D5A       0
                text21                             1AEE     1AEE        4      D5A       0
                text20                             1AEA     1AEA        4      D5A       0
                text19                             1A70     1A70       1A      85C       0
                text18                             1A56     1A56       1A      85C       0
                text17                             1A3C     1A3C       1A      85C       0
                text16                             1A22     1A22       1A      85C       0
                text15                             1ACC     1ACC        C      D5A       0
                text14                             1AC0     1AC0        C      D5A       0
                text13                             1AE2     1AE2        8      D5A       0
                text12                             1AB4     1AB4        C      D5A       0
                intcode_body                       10B8     10B8      3E6      85C       0
                text10                             149E     149E      126      85C       0
                text9                              15C4     15C4      110      85C       0
                text8                              1814     1814       5E      85C       0
                text7                              19FC     19FC       26      85C       0
                text6                              192A     192A       50      85C       0
                text5                              18CE     18CE       5C      85C       0
                text4                              16D4     16D4       DE      85C       0
                text3                              1AD8     1AD8        A      D5A       0
                text2                              1872     1872       5C      85C       0
                text1                              197A     197A       4E      85C       0
                text0                              19C8     19C8       34      85C       0
                cstackCOMRAM                         68       68       14        1       1
                dataBANK0                            80       80       10       80       1
                bssBANK0                             90       90        A       80       1
                dataCOMRAM                           4F       4F       19        1       1
                bssCOMRAM                             1        1       4E        1       1
                cinit                              17B2     17B2       62      85C       0
                idataBANK0                         1AA3     1AA3       10      85C       0
                idataCOMRAM                        1A8A     1A8A       19      85C       0

TOTAL           Name                               Link     Load   Length     Space
        CLASS   HEAP           
                heap                                 9A       9A      EE6         7

        CLASS   CODE           
                intcode                               8        8        6         0
                init                                  E        E        4         0
                reset_vec                             0        0        4         0
                text29                             1B0A     1B0A        4         0
                text28                             1B06     1B06        4         0
                text27                             1B02     1B02        4         0
                text26                             1B0E     1B0E        2         0
                text25                             1AFE     1AFE        4         0
                text24                             1AFA     1AFA        4         0
                text23                             1AF6     1AF6        4         0
                text22                             1AF2     1AF2        4         0
                text21                             1AEE     1AEE        4         0
                text20                             1AEA     1AEA        4         0
                text19                             1A70     1A70       1A         0
                text18                             1A56     1A56       1A         0
                text17                             1A3C     1A3C       1A         0
                text16                             1A22     1A22       1A         0
                text15                             1ACC     1ACC        C         0
                text14                             1AC0     1AC0        C         0
                text13                             1AE2     1AE2        8         0
                text12                             1AB4     1AB4        C         0
                intcode_body                       10B8     10B8      3E6         0
                text10                             149E     149E      126         0
                text9                              15C4     15C4      110         0
                text8                              1814     1814       5E         0
                text7                              19FC     19FC       26         0
                text6                              192A     192A       50         0
                text5                              18CE     18CE       5C         0
                text4                              16D4     16D4       DE         0
                text3                              1AD8     1AD8        A         0
                text2                              1872     1872       5C         0
                text1                              197A     197A       4E         0
                text0                              19C8     19C8       34         0
                cinit                              17B2     17B2       62         0
                idataBANK0                         1AA3     1AA3       10         0
                idataCOMRAM                        1A8A     1A8A       19         0

        CLASS   CONST          

        CLASS   SMALLCONST     
                smallconst                         1000     1000       B8         0

        CLASS   MEDIUMCONST    

        CLASS   COMRAM         
                temp                                 7C       7C        1         1
                cstackCOMRAM                         68       68       14         1
                dataCOMRAM                           4F       4F       19         1
                bssCOMRAM                             1        1       4E         1

        CLASS   ABS1           

        CLASS   BIGRAM         

        CLASS   RAM            

        CLASS   BANK0          
                dataBANK0                            80       80       10         1
                bssBANK0                             90       90        A         1

        CLASS   BANK1          

        CLASS   BANK2          

        CLASS   BANK3          

        CLASS   BANK4          

        CLASS   BANK5          

        CLASS   BANK6          

        CLASS   BANK7          

        CLASS   BANK8          

        CLASS   BANK9          

        CLASS   BANK10         

        CLASS   BANK11         

        CLASS   BANK12         

        CLASS   BANK13         

        CLASS   BANK14         

        CLASS   BANK15         

        CLASS   SFR            

        CLASS   BIGSFR         

        CLASS   CONFIG         
                config                           300000   300000        E         4

        CLASS   IDLOC          

        CLASS   EEDATA         

        CLASS   FARRAM         

        CLASS   STACK          



SEGMENTS        Name                           Load    Length   Top    Selector   Space  Class

                reset_vec                      000000  000004  000004         0       0  CODE    
                bssCOMRAM                      000001  00007C  00007D         1       1  COMRAM  
                intcode                        000008  00000A  000012         4       0  CODE    
                dataBANK0                      000080  00001A  00009A        80       1  BANK0   
                heap                           00009A  000EE6  000F80        9A       7  HEAP    
                smallconst                     001000  0000B8  0010B8       800       0  SMALLCON
                intcode_body                   0010B8  0009FB  001AB3       85C       0  CODE    
                text12                         001AB4  00005C  001B10       D5A       0  CODE    


UNUSED ADDRESS RANGES

        Name                Unused          Largest block    Delta
        BANK0            00009A-0000FF               66
        BANK1            000100-0001FF              100
        BANK10           000A00-000AFF              100
        BANK11           000B00-000BFF              100
        BANK12           000C00-000CFF              100
        BANK13           000D00-000DFF              100
        BANK14           000E00-000EFF              100
        BANK15           000F00-000F7F               80
        BANK2            000200-0002FF              100
        BANK3            000300-0003FF              100
        BANK4            000400-0004FF              100
        BANK5            000500-0005FF              100
        BANK6            000600-0006FF              100
        BANK7            000700-0007FF              100
        BANK8            000800-0008FF              100
        BANK9            000900-0009FF              100
        BIGRAM           00007D-00007F                3
                         00009A-000F7F              EE6
        BIGSFR           000F80-000FFF               80
        CODE             000004-000007                4
                         000012-000FFF              FEE
                         001AB3-001AB3                1
                         001B10-00FFFF             E4F0
        COMRAM           00007D-00007F                3
        CONST            000004-000007                4
                         000012-000FFF              FEE
                         001AB3-001AB3                1
                         001B10-00FFFF             E4F0
        EEDATA           F00000-F003FF              400
        IDLOC            200000-200007                8
        MEDIUMCONST      001AB3-001AB3                1
                         001B10-00FFFF             E4F0
        RAM              00009A-000F7F              100
        SFR              000F80-000FFF               80
        SMALLCONST       001AB3-001AB3                1
                         001B10-00FFFF              100

                                  Symbol Table

CCP1_Compare_Mode_Set_Value@F2951            bssCOMRAM    00003F
RB4_ISR@RB4_source                           cstackCOMRAM 000068
RB5_ISR@RB5_source                           cstackCOMRAM 000068
RB6_ISR@RB6_source                           cstackCOMRAM 000068
RB7_ISR@RB7_source                           cstackCOMRAM 000068
_ADCON0bits                                  (abs)        000FC2
_ADCON1bits                                  (abs)        000FC1
_ADCON2bits                                  (abs)        000FC0
_ADC_ISR                                     text29       001B0A
_ADC_interrupt_handler                       bssCOMRAM    000045
_ADRESH                                      (abs)        000FC4
_ADRESL                                      (abs)        000FC3
_BAUDCTLbits                                 (abs)        000FB8
_CCP1CONbits                                 (abs)        000FBD
_CCP1_ISR                                    text28       001B06
_CCP1_interrupt_handler                      bssCOMRAM    000043
_CCP2CONbits                                 (abs)        000FBA
_CCP2_ISR                                    text27       001B02
_CCP2_interrupt_handler                      bssCOMRAM    000041
_CCPR1H                                      (abs)        000FBF
_CCPR1L                                      (abs)        000FBE
_CCPR2H                                      (abs)        000FBC
_CCPR2L                                      (abs)        000FBB
_EEADR                                       (abs)        000FA9
_EEADRH                                      (abs)        000FAA
_EECON1bits                                  (abs)        000FA6
_EECON2                                      (abs)        000FA7
_EEDATA                                      (abs)        000FA8
_ESURT_RX_ISR                                text26       001B0E
_ESURT_RX_interrupt_handler                  bssCOMRAM    000011
_ESURT_TX_ISR                                text25       001AFE
_ESURT_TX_interrupt_handler                  bssCOMRAM    000013
_EUSART_FramingError_interrupt_handler       bssCOMRAM    00000F
_EUSART_OverRunError_interrupt_handler       bssCOMRAM    00000D
_I2C_DefaultInterruptHandle                  bssCOMRAM    00003B
_I2C_Report_Receive_Overflow_InterruptHandle bssCOMRAM    000039
_I2C_Report_Write_Collision_InterruptHandler bssCOMRAM    00003D
_INT0_ISR                                    text24       001AFA
_INT0_interrupt_handler                      bssCOMRAM    000037
_INT1_ISR                                    text23       001AF6
_INT1_interrupt_handler                      bssCOMRAM    000035
_INT2_ISR                                    text22       001AF2
_INT2_interrupt_handler                      bssCOMRAM    000033
_INTCON2bits                                 (abs)        000FF1
_INTCON3bits                                 (abs)        000FF0
_INTCONbits                                  (abs)        000FF2
_LATA                                        (abs)        000F89
_LATB                                        (abs)        000F8A
_LATC                                        (abs)        000F8B
_LATD                                        (abs)        000F8C
_LATE                                        (abs)        000F8D
_MSSP_I2C_BC_ISR                             text21       001AEE
_MSSP_I2C_ISR                                text20       001AEA
_PIE1bits                                    (abs)        000F9D
_PIE2bits                                    (abs)        000FA0
_PIR1bits                                    (abs)        000F9E
_PIR2bits                                    (abs)        000FA1
_PORTA                                       (abs)        000F80
_PORTB                                       (abs)        000F81
_PORTBbits                                   (abs)        000F81
_PORTC                                       (abs)        000F82
_PORTD                                       (abs)        000F83
_PORTE                                       (abs)        000F84
_RB4_ISR                                     text19       001A70
_RB4_flag                                    dataCOMRAM   000067
_RB4_interrupt_handler_high                  bssCOMRAM    000031
_RB4_interrupt_handler_low                   bssCOMRAM    00002F
_RB5_ISR                                     text18       001A56
_RB5_flag                                    dataCOMRAM   000066
_RB5_interrupt_handler_high                  bssCOMRAM    00002D
_RB5_interrupt_handler_low                   bssCOMRAM    00002B
_RB6_ISR                                     text17       001A3C
_RB6_flag                                    dataCOMRAM   000065
_RB6_interrupt_handler_high                  bssCOMRAM    000029
_RB6_interrupt_handler_low                   bssCOMRAM    000027
_RB7_ISR                                     text16       001A22
_RB7_flag                                    dataCOMRAM   000064
_RB7_interrupt_handler_high                  bssCOMRAM    000025
_RB7_interrupt_handler_low                   bssCOMRAM    000023
_RCREG                                       (abs)        000FAE
_RCSTAbits                                   (abs)        000FAB
_SPBRG                                       (abs)        000FAF
_SPBRGH                                      (abs)        000FB0
_SSPADD                                      (abs)        000FC8
_SSPBUF                                      (abs)        000FC9
_SSPCON1bits                                 (abs)        000FC6
_SSPCON2bits                                 (abs)        000FC5
_SSPSTATbits                                 (abs)        000FC7
_T0CONbits                                   (abs)        000FD5
_T1CONbits                                   (abs)        000FCD
_T2CONbits                                   (abs)        000FCA
_T3CONbits                                   (abs)        000FB1
_TMR0H                                       (abs)        000FD7
_TMR0L                                       (abs)        000FD6
_TMR0_ISR                                    text15       001ACC
_TMR0_interrupt_handler                      bssCOMRAM    00001F
_TMR1H                                       (abs)        000FCF
_TMR1L                                       (abs)        000FCE
_TMR1_ISR                                    text14       001AC0
_TMR1_interrupt_handler                      bssCOMRAM    00001B
_TMR2                                        (abs)        000FCC
_TMR2_ISR                                    text13       001AE2
_TMR2_interrupt_handler                      bssCOMRAM    000019
_TMR3H                                       (abs)        000FB3
_TMR3L                                       (abs)        000FB2
_TMR3_ISR                                    text12       001AB4
_TMR3_interrupt_handler                      bssCOMRAM    000015
_TRISA                                       (abs)        000F92
_TRISB                                       (abs)        000F93
_TRISC                                       (abs)        000F94
_TRISCbits                                   (abs)        000F94
_TRISD                                       (abs)        000F95
_TRISE                                       (abs)        000F96
_TXREG                                       (abs)        000FAD
_TXSTAbits                                   (abs)        000FAC
__HRAM                                       (abs)        000000
__H__absolute__                              __absolute__ 000000
__Habs1                                      abs1         000000
__Hbank0                                     bank0        000000
__Hbank1                                     bank1        000000
__Hbank10                                    bank10       000000
__Hbank11                                    bank11       000000
__Hbank12                                    bank12       000000
__Hbank13                                    bank13       000000
__Hbank14                                    bank14       000000
__Hbank15                                    bank15       000000
__Hbank2                                     bank2        000000
__Hbank3                                     bank3        000000
__Hbank4                                     bank4        000000
__Hbank5                                     bank5        000000
__Hbank6                                     bank6        000000
__Hbank7                                     bank7        000000
__Hbank8                                     bank8        000000
__Hbank9                                     bank9        000000
__Hbigbss                                    bigbss       000000
__Hbigdata                                   bigdata      000000
__Hbigram                                    bigram       000000
__Hbigsfr                                    bigsfr       000000
__Hbss                                       bss          000000
__HbssBANK0                                  bssBANK0     000000
__HbssCOMRAM                                 bssCOMRAM    000000
__Hcinit                                     cinit        000000
__Hclrtext                                   clrtext      000000
__Hcomram                                    comram       000000
__Hconfig                                    config       30000E
__Hconst                                     const        000000
__HcstackCOMRAM                              cstackCOMRAM 000000
__Hdata                                      data         000000
__HdataBANK0                                 dataBANK0    000000
__HdataCOMRAM                                dataCOMRAM   000000
__Heeprom_data                               eeprom_data  000000
__Hfarbss                                    farbss       000000
__Hfardata                                   fardata      000000
__Hheap                                      heap         000F80
__Hibigdata                                  ibigdata     000000
__Hidata                                     idata        000000
__HidataBANK0                                idataBANK0   000000
__HidataCOMRAM                               idataCOMRAM  000000
__Hidloc                                     idloc        000000
__Hifardata                                  ifardata     000000
__Hinit                                      init         000012
__Hintcode                                   intcode      00000E
__Hintcode_body                              intcode_body 000000
__Hintcodelo                                 intcodelo    00000E
__Hintentry                                  intentry     000000
__Hintret                                    intret       000000
__Hintsave_regs                              intsave_regs 000000
__Hirdata                                    irdata       000000
__Hmediumconst                               mediumconst  000000
__HnvFARRAM                                  nvFARRAM     000000
__Hnvbit                                     nvbit        000000
__Hnvrram                                    nvrram       000000
__Hparam                                     rparam       000000
__Hpowerup                                   powerup      00000E
__Hram                                       ram          000000
__Hramtop                                    ramtop       001000
__Hrbit                                      rbit         000000
__Hrbss                                      rbss         000000
__Hrdata                                     rdata        000000
__Hreset_vec                                 reset_vec    000004
__Hrparam                                    rparam       000000
__Hsfr                                       sfr          000000
__Hsmallconst                                smallconst   0010B8
__Hspace_0                                   (abs)        001B10
__Hspace_1                                   (abs)        00009A
__Hspace_2                                   (abs)        000000
__Hspace_4                                   (abs)        60000E
__Hstack                                     stack        000000
__Hstruct                                    struct       000000
__Htemp                                      temp         00007D
__Htext                                      text         000000
__Htext0                                     text0        000000
__Htext1                                     text1        000000
__Htext10                                    text10       000000
__Htext12                                    text12       000000
__Htext13                                    text13       000000
__Htext14                                    text14       000000
__Htext15                                    text15       000000
__Htext16                                    text16       000000
__Htext17                                    text17       000000
__Htext18                                    text18       000000
__Htext19                                    text19       000000
__Htext2                                     text2        000000
__Htext20                                    text20       000000
__Htext21                                    text21       000000
__Htext22                                    text22       000000
__Htext23                                    text23       000000
__Htext24                                    text24       000000
__Htext25                                    text25       000000
__Htext26                                    text26       000000
__Htext27                                    text27       000000
__Htext28                                    text28       000000
__Htext29                                    text29       000000
__Htext3                                     text3        000000
__Htext4                                     text4        000000
__Htext5                                     text5        000000
__Htext6                                     text6        000000
__Htext7                                     text7        000000
__Htext8                                     text8        000000
__Htext9                                     text9        000000
__LRAM                                       (abs)        000001
__L__absolute__                              __absolute__ 000000
__Labs1                                      abs1         000000
__Lbank0                                     bank0        000000
__Lbank1                                     bank1        000000
__Lbank10                                    bank10       000000
__Lbank11                                    bank11       000000
__Lbank12                                    bank12       000000
__Lbank13                                    bank13       000000
__Lbank14                                    bank14       000000
__Lbank15                                    bank15       000000
__Lbank2                                     bank2        000000
__Lbank3                                     bank3        000000
__Lbank4                                     bank4        000000
__Lbank5                                     bank5        000000
__Lbank6                                     bank6        000000
__Lbank7                                     bank7        000000
__Lbank8                                     bank8        000000
__Lbank9                                     bank9        000000
__Lbigbss                                    bigbss       000000
__Lbigdata                                   bigdata      000000
__Lbigram                                    bigram       000000
__Lbigsfr                                    bigsfr       000000
__Lbss                                       bss          000000
__LbssBANK0                                  bssBANK0     000000
__LbssCOMRAM                                 bssCOMRAM    000000
__Lcinit                                     cinit        000000
__Lclrtext                                   clrtext      000000
__Lcomram                                    comram       000000
__Lconfig                                    config       000000
__Lconst                                     const        000000
__LcstackCOMRAM                              cstackCOMRAM 000000
__Ldata                                      data         000000
__LdataBANK0                                 dataBANK0    000000
__LdataCOMRAM                                dataCOMRAM   000000
__Leeprom_data                               eeprom_data  000000
__Lfarbss                                    farbss       000000
__Lfardata                                   fardata      000000
__Lheap                                      heap         00009A
__Libigdata                                  ibigdata     000000
__Lidata                                     idata        000000
__LidataBANK0                                idataBANK0   000000
__LidataCOMRAM                               idataCOMRAM  000000
__Lidloc                                     idloc        000000
__Lifardata                                  ifardata     000000
__Linit                                      init         00000E
__Lintcode                                   intcode      000008
__Lintcode_body                              intcode_body 000000
__Lintcodelo                                 intcodelo    00000E
__Lintentry                                  intentry     000000
__Lintret                                    intret       000000
__Lintsave_regs                              intsave_regs 000000
__Lirdata                                    irdata       000000
__Lmediumconst                               mediumconst  000000
__LnvFARRAM                                  nvFARRAM     000000
__Lnvbit                                     nvbit        000000
__Lnvrram                                    nvrram       000000
__Lparam                                     rparam       000000
__Lpowerup                                   powerup      00000E
__Lram                                       ram          000000
__Lramtop                                    ramtop       001000
__Lrbit                                      rbit         000000
__Lrbss                                      rbss         000000
__Lrdata                                     rdata        000000
__Lreset_vec                                 reset_vec    000000
__Lrparam                                    rparam       000000
__Lsfr                                       sfr          000000
__Lsmallconst                                smallconst   001000
__Lspace_0                                   (abs)        000000
__Lspace_1                                   (abs)        000000
__Lspace_2                                   (abs)        000000
__Lspace_4                                   (abs)        000000
__Lstack                                     stack        000000
__Lstruct                                    struct       000000
__Ltemp                                      temp         00007C
__Ltext                                      text         000000
__Ltext0                                     text0        000000
__Ltext1                                     text1        000000
__Ltext10                                    text10       000000
__Ltext12                                    text12       000000
__Ltext13                                    text13       000000
__Ltext14                                    text14       000000
__Ltext15                                    text15       000000
__Ltext16                                    text16       000000
__Ltext17                                    text17       000000
__Ltext18                                    text18       000000
__Ltext19                                    text19       000000
__Ltext2                                     text2        000000
__Ltext20                                    text20       000000
__Ltext21                                    text21       000000
__Ltext22                                    text22       000000
__Ltext23                                    text23       000000
__Ltext24                                    text24       000000
__Ltext25                                    text25       000000
__Ltext26                                    text26       000000
__Ltext27                                    text27       000000
__Ltext28                                    text28       000000
__Ltext29                                    text29       000000
__Ltext3                                     text3        000000
__Ltext4                                     text4        000000
__Ltext5                                     text5        000000
__Ltext6                                     text6        000000
__Ltext7                                     text7        000000
__Ltext8                                     text8        000000
__Ltext9                                     text9        000000
__S0                                         (abs)        001B10
__S1                                         (abs)        00009A
__S4                                         (abs)        000000
__S5                                         (abs)        000000
__S7                                         (abs)        000F80
___freelist                                  bssCOMRAM    000009
___heap_hi                                   heap         000F80
___heap_lo                                   heap         00009A
___inthi_sp                                  stack        000000
___inthi_stack_hi                            stack        000000
___inthi_stack_lo                            stack        000000
___intlo_sp                                  stack        000000
___intlo_stack_hi                            stack        000000
___intlo_stack_lo                            stack        000000
___param_bank                                (abs)        000000
___rparam_used                               (abs)        000001
___sp                                        stack        000000
___stack_hi                                  stack        000000
___stack_lo                                  stack        000000
__accesstop                                  (abs)        000080
__activetblptr                               (abs)        000003
__end_of_ADC_ISR                             text29       001B0E
__end_of_CCP1_ISR                            text28       001B0A
__end_of_CCP2_ISR                            text27       001B06
__end_of_ESURT_RX_ISR                        text26       001B10
__end_of_ESURT_TX_ISR                        text25       001B02
__end_of_INT0_ISR                            text24       001AFE
__end_of_INT1_ISR                            text23       001AFA
__end_of_INT2_ISR                            text22       001AF6
__end_of_MSSP_I2C_BC_ISR                     text21       001AF2
__end_of_MSSP_I2C_ISR                        text20       001AEE
__end_of_RB4_ISR                             text19       001A8A
__end_of_RB5_ISR                             text18       001A70
__end_of_RB6_ISR                             text17       001A56
__end_of_RB7_ISR                             text16       001A3C
__end_of_TMR0_ISR                            text15       001AD8
__end_of_TMR1_ISR                            text14       001ACC
__end_of_TMR2_ISR                            text13       001AEA
__end_of_TMR3_ISR                            text12       001AC0
__end_of__initialization                     cinit        00180A
__end_of_application_initialize              text3        001AE2
__end_of_btn_values                          smallconst   001011
__end_of_gpio_pin_direction_intialize        text10       0015C4
__end_of_gpio_pin_initialize                 text8        001872
__end_of_gpio_pin_write_logic                text9        0016D4
__end_of_interruptManager                    intcode_body 00149E
__end_of_lcd_4bit_init                       text4        0017B2
__end_of_lcd_4bit_send_char_data             text2        0018CE
__end_of_lcd_4bit_send_command               text5        00192A
__end_of_lcd_4bit_send_enable_signal         text7        001A22
__end_of_lcd_4bit_send_string                text1        0019C8
__end_of_lcd_send_4bits                      text6        00197A
__end_of_main                                text0        0019FC
__initialization                             cinit        0017B2
__mediumconst                                mediumconst  000000
__pbssBANK0                                  bssBANK0     000090
__pbssCOMRAM                                 bssCOMRAM    000001
__pcinit                                     cinit        0017B2
__pcstackCOMRAM                              cstackCOMRAM 000068
__pdataBANK0                                 dataBANK0    000080
__pdataCOMRAM                                dataCOMRAM   00004F
__pidataBANK0                                idataBANK0   001AA3
__pidataCOMRAM                               idataCOMRAM  001A8A
__pintcode                                   intcode      000008
__pintcode_body                              intcode_body 0010B8
__psmallconst                                smallconst   001000
__ptext0                                     text0        0019C8
__ptext1                                     text1        00197A
__ptext10                                    text10       00149E
__ptext12                                    text12       001AB4
__ptext13                                    text13       001AE2
__ptext14                                    text14       001AC0
__ptext15                                    text15       001ACC
__ptext16                                    text16       001A22
__ptext17                                    text17       001A3C
__ptext18                                    text18       001A56
__ptext19                                    text19       001A70
__ptext2                                     text2        001872
__ptext20                                    text20       001AEA
__ptext21                                    text21       001AEE
__ptext22                                    text22       001AF2
__ptext23                                    text23       001AF6
__ptext24                                    text24       001AFA
__ptext25                                    text25       001AFE
__ptext26                                    text26       001B0E
__ptext27                                    text27       001B02
__ptext28                                    text28       001B06
__ptext29                                    text29       001B0A
__ptext3                                     text3        001AD8
__ptext4                                     text4        0016D4
__ptext5                                     text5        0018CE
__ptext6                                     text6        00192A
__ptext7                                     text7        0019FC
__ptext8                                     text8        001814
__ptext9                                     text9        0015C4
__ramtop                                     ramtop       001000
__smallconst                                 smallconst   001000
_application_initialize                      text3        001AD8
_btn_values                                  smallconst   001001
_errno                                       bssCOMRAM    000007
_error                                       bssCOMRAM    00000B
_gpio_pin_direction_intialize                text10       00149E
_gpio_pin_initialize                         text8        001814
_gpio_pin_write_logic                        text9        0015C4
_interruptManager                            intcode      000008
_lat_registers                               dataCOMRAM   00004F
_lcd_4bit_init                               text4        0016D4
_lcd_4bit_send_char_data                     text2        001872
_lcd_4bit_send_command                       text5        0018CE
_lcd_4bit_send_enable_signal                 text7        0019FC
_lcd_4bit_send_string                        text1        00197A
_lcd_object                                  dataBANK0    00008A
_lcd_send_4bits                              text6        00192A
_main                                        text0        0019C8
_port_registers                              dataBANK0    000080
_timer0_preload                              bssCOMRAM    000021
_timer1_preload                              bssCOMRAM    00001D
_timer2_preload                              bssCOMRAM    000047
_timer3_preload                              bssCOMRAM    000017
_tris_registers                              dataCOMRAM   000059
_welcome_massage                             dataCOMRAM   000063
btemp                                        temp         00007C
end_of_initialization                        cinit        00180A
gpio_pin_direction_intialize@_pin_config     cstackCOMRAM 000069
gpio_pin_direction_intialize@ret             cstackCOMRAM 00006F
gpio_pin_initialize@_pin_config              cstackCOMRAM 000071
gpio_pin_initialize@ret                      cstackCOMRAM 000073
gpio_pin_write_logic@_pin_config             cstackCOMRAM 000069
gpio_pin_write_logic@logic                   cstackCOMRAM 00006A
gpio_pin_write_logic@ret                     cstackCOMRAM 000070
int$flags                                    temp         00007C
int_func                                     intcode_body 0010B8
intlevel0                                    text         000000
intlevel1                                    text         000000
intlevel2                                    text         000000
intlevel3                                    text         000000
isa$std                                      (abs)        000001
isa$xinst                                    (abs)        000000
lcd_4bit_init@l_data_pins_counter            cstackCOMRAM 00007A
lcd_4bit_init@lcd                            cstackCOMRAM 000077
lcd_4bit_init@ret                            cstackCOMRAM 000079
lcd_4bit_send_char_data@data                 cstackCOMRAM 000075
lcd_4bit_send_char_data@lcd                  cstackCOMRAM 000074
lcd_4bit_send_char_data@ret                  cstackCOMRAM 000076
lcd_4bit_send_command@command                cstackCOMRAM 000075
lcd_4bit_send_command@lcd                    cstackCOMRAM 000074
lcd_4bit_send_command@ret                    cstackCOMRAM 000076
lcd_4bit_send_enable_signal@lcd              cstackCOMRAM 000071
lcd_4bit_send_enable_signal@ret              cstackCOMRAM 000072
lcd_4bit_send_string@lcd                     cstackCOMRAM 000077
lcd_4bit_send_string@str                     cstackCOMRAM 000078
lcd_send_4bits@_data_command                 cstackCOMRAM 000072
lcd_send_4bits@lcd                           cstackCOMRAM 000071
lcd_send_4bits@ret                           cstackCOMRAM 000073
led_initilaize@F2891                         bssCOMRAM    00004E
led_turn_off@F2901                           bssCOMRAM    00004C
led_turn_on@F2896                            bssCOMRAM    00004D
led_turn_toggle@F2906                        bssCOMRAM    00004B
malloc@cur                                   bssCOMRAM    000005
malloc@end                                   bssCOMRAM    000003
malloc@lock                                  bssBANK0     000096
relay_initialize@F2885                       bssCOMRAM    00004A
relay_turn_off@F2895                         bssCOMRAM    000048
relay_turn_on@F2890                          bssCOMRAM    000049
stackhi                                      (abs)        000000
stacklo                                      (abs)        000000
start                                        init         00000E
start_initialization                         cinit        0017B2
ttemp5                                       temp         00007D
ttemp6                                       temp         000080
ttemp7                                       temp         000084
wtemp8                                       temp         00007D


MODULE INFORMATION

Module		Function		Class		Link	Load	Size
MCAL_layer/GPIO/hal_gpio.c
		_gpio_pin_write_logic		CODE           	15C4	0000	272
		_gpio_pin_direction_intialize		CODE           	149E	0000	294
		_gpio_pin_initialize		CODE           	1814	0000	94

MCAL_layer/GPIO/hal_gpio.c estimated size: 660

MCAL_layer/I2c/hal_i2c.c
		_MSSP_I2C_ISR  		CODE           	1AEA	0000	4
		_MSSP_I2C_BC_ISR		CODE           	1AEE	0000	4

MCAL_layer/I2c/hal_i2c.c estimated size: 8

MCAL_layer/Timer/hal_timer3.c
		_TMR3_ISR      		CODE           	1AB4	0000	12

MCAL_layer/Timer/hal_timer3.c estimated size: 12

MCAL_layer/Timer/hal_timer1.c
		_TMR1_ISR      		CODE           	1AC0	0000	12

MCAL_layer/Timer/hal_timer1.c estimated size: 12

MCAL_layer/interrupt/mcal_external_interrupt.c
		_RB4_ISR       		CODE           	1A70	0000	26
		_RB5_ISR       		CODE           	1A56	0000	26
		_RB6_ISR       		CODE           	1A3C	0000	26
		_RB7_ISR       		CODE           	1A22	0000	26
		_INT0_ISR      		CODE           	1AFA	0000	4
		_INT1_ISR      		CODE           	1AF6	0000	4
		_INT2_ISR      		CODE           	1AF2	0000	4

MCAL_layer/interrupt/mcal_external_interrupt.c estimated size: 116

ECU_layer/LCD/ecu_chr_lcd.c
		_lcd_4bit_send_command		CODE           	18CE	0000	92
		_lcd_4bit_send_char_data		CODE           	1872	0000	92
		_lcd_send_4bits		CODE           	192A	0000	80
		_lcd_4bit_send_enable_signal		CODE           	19FC	0000	38
		_lcd_4bit_init 		CODE           	16D4	0000	222
		_lcd_4bit_send_string		CODE           	197A	0000	78

ECU_layer/LCD/ecu_chr_lcd.c estimated size: 602

MCAL_layer/ccp1/hal_ccp1.c
		_CCP1_ISR      		CODE           	1B06	0000	4
		_CCP2_ISR      		CODE           	1B02	0000	4

MCAL_layer/ccp1/hal_ccp1.c estimated size: 8

MCAL_layer/ADC/hal_adc.c
		_ADC_ISR       		CODE           	1B0A	0000	4

MCAL_layer/ADC/hal_adc.c estimated size: 4

shared
		_btn_values    		SMALLCONST     	1001	0000	16
		__initialization		CODE           	17B2	0000	88

shared estimated size: 104

MCAL_layer/Timer/hal_timer2.c
		_TMR2_ISR      		CODE           	1AE2	0000	8

MCAL_layer/Timer/hal_timer2.c estimated size: 8

MCAL_layer/Timer/hal_timer0.c
		_TMR0_ISR      		CODE           	1ACC	0000	12

MCAL_layer/Timer/hal_timer0.c estimated size: 12

MCAL_layer/usart/hal_usart.c
		_ESURT_TX_ISR  		CODE           	1AFE	0000	4
		_ESURT_RX_ISR  		CODE           	1B0E	0000	2

MCAL_layer/usart/hal_usart.c estimated size: 6

application.c
		_application_initialize		CODE           	1AD8	0000	10
		_main          		CODE           	19C8	0000	52

application.c estimated size: 62

MCAL_layer/interrupt/mcal_manager_interrupt.c
		_interruptManager		CODE           	0008	0000	1004

MCAL_layer/interrupt/mcal_manager_interrupt.c estimated size: 1004

